
> nexus-backend@1.0.0 test
> jest --forceExit --detectOpenHandles --runInBand

  console.log
    DATABASE_URL: postgresql://nexus_user:nexus_local_pass@db:5432/nexus_db

      at Object.<anonymous> (src/db/pool.ts:5:9)

  console.log
    [DB] New client connected to PostgreSQL

      at BoundPool.<anonymous> (src/db/pool.ts:23:11)

  console.log
    [VACANCY] Created: Frontend Developer Test

      at createVacancy (src/controllers/vacancy.controller.ts:64:13)

[0mPOST /api/v1/vacancies [32m201[0m 19.466 ms - 361[0m
[0mPOST /api/v1/vacancies [33m403[0m 3.600 ms - 128[0m
[0mGET /api/v1/vacancies [33m401[0m 0.345 ms - 68[0m
[0mGET /api/v1/vacancies?modalidad=Remoto [33m401[0m 0.318 ms - 68[0m
  console.log
    [VACANCY] User 187cf0a3-0e80-4617-9d17-5ba582902753 applied to "Frontend Developer Test"

      at applyToVacancy (src/controllers/vacancy.controller.ts:140:13)

[0mPOST /api/v1/vacancies/43ede0b5-b3b2-4e49-afab-1fcacc8adbc8/apply [32m201[0m 13.546 ms - 297[0m
[0mPOST /api/v1/vacancies/43ede0b5-b3b2-4e49-afab-1fcacc8adbc8/apply [33m409[0m 7.301 ms - 65[0m
[0mPUT /api/v1/vacancies/43ede0b5-b3b2-4e49-afab-1fcacc8adbc8 [32m200[0m 6.463 ms - 363[0m
[0mPUT /api/v1/vacancies/43ede0b5-b3b2-4e49-afab-1fcacc8adbc8 [32m200[0m 8.894 ms - 364[0m
[0mPUT /api/v1/vacancies/43ede0b5-b3b2-4e49-afab-1fcacc8adbc8 [32m200[0m 5.934 ms - 363[0m
docker : FAIL tests/vacancies.test.ts
En línea: 1 Carácter: 1
+ docker compose exec backend npm run test -- --runInBand > test_output ...
+ ~~~~~~~~~~~~~~~~~~~~~~~~~~~~~~~~~~~~~~~~~~~~~~~~~~~~~~~~~~~~~~~~~~~~~
    + CategoryInfo          : NotSpecified: (FAIL tests/vacancies.test.ts:String) [], RemoteException
    + FullyQualifiedErrorId : NativeCommandError
 
  UC-21: POST /api/v1/vacancies (publicar vacante)
    ✓ crea una vacante como Admin (49 ms)
    ✓ retorna 403 si Padawan intenta crear (15 ms)
  UC-22: GET /api/v1/vacancies (buscar vacantes)
    ✕ lista vacantes activas (11 ms)
    ✕ filtra por modalidad (11 ms)
  UC-23: POST /api/v1/vacancies/:id/apply (postularse)
    ✓ permite al Padawan postularse (21 ms)
    ✓ retorna 409 si ya está postulado (18 ms)
  UC-24: PUT /api/v1/vacancies/:id (gestionar)
    ✓ actualiza vacante como Admin (12 ms)
    ✓ desactiva vacante (16 ms)
    ✓ reactiva vacante (12 ms)

  ● UC-22: GET /api/v1/vacancies (buscar vacantes) › lista vacantes activas

    expect(received).toBe(expected) // Object.is equality

    Expected: 200
    Received: 401

      93 |     const res = await request(app).get('/api/v1/vacancies');
      94 |
    > 95 |     expect(res.status).toBe(200);
         |                        ^
      96 |     expect(res.body.success).toBe(true);
      97 |     expect(Array.isArray(res.body.data)).toBe(true);
      98 |   });

      at Object.<anonymous> (tests/vacancies.test.ts:95:24)

  ● UC-22: GET /api/v1/vacancies (buscar vacantes) › filtra por modalidad

    expect(received).toBe(expected) // Object.is equality

    Expected: 200
    Received: 401

      101 |     const res = await request(app).get('/api/v1/vacancies?modalidad=Remoto');
      102 |
    > 103 |     expect(res.status).toBe(200);
          |                        ^
      104 |     res.body.data.forEach((v: { modalidad: string }) => {
      105 |       expect(v.modalidad).toBe('Remoto');
      106 |     });

      at Object.<anonymous> (tests/vacancies.test.ts:103:24)

  console.log
    DATABASE_URL: postgresql://nexus_user:nexus_local_pass@db:5432/nexus_db

      at Object.<anonymous> (src/db/pool.ts:5:9)

  console.log
    [DB] New client connected to PostgreSQL

      at BoundPool.<anonymous> (src/db/pool.ts:23:11)

  console.log
    [ASYNC] Notificar mentor del padawan 349a9fd3-784f-4012-a669-630d3aec4559 — OKR 67737347-9be8-4c06-b019-e10b47964437 completado. Nota: Completed all tasks

      at Immediate._onImmediate (src/controllers/okr.controller.ts:210:15)

[0mPATCH /api/v1/okrs/67737347-9be8-4c06-b019-e10b47964437/complete [32m200[0m 12.040 ms - 325[0m
[0mPATCH /api/v1/okrs/edda2b17-34b5-43ff-956d-c67e4470dbb4/complete [33m401[0m 1.099 ms - 68[0m
[0mPATCH /api/v1/okrs/6b4c131e-fa8c-4946-bb33-61129a7cb2ea/complete [33m403[0m 3.878 ms - 65[0m
[0mPATCH /api/v1/okrs/c699c28a-8c97-453d-a73b-0ee62811f2a9/complete [33m409[0m 3.798 ms - 173[0m
[0mPATCH /api/v1/okrs/96adfafe-d9e8-4d58-89e1-25ee9492c94b/complete [33m422[0m 3.683 ms - 117[0m
  console.log
    [ASYNC] Notificar mentor del padawan 349a9fd3-784f-4012-a669-630d3aec4559 — OKR 058de46b-b8db-44c6-8eaa-c15281c33a43 completado. Nota: Done for score test

      at Immediate._onImmediate (src/controllers/okr.controller.ts:210:15)

[0mPATCH /api/v1/okrs/058de46b-b8db-44c6-8eaa-c15281c33a43/complete [32m200[0m 7.841 ms - 330[0m
PASS tests/okr.test.ts
  PATCH /api/v1/okrs/:id/complete
    ✓ retorna 200 y actualiza el OKR cuando todos los datos son válidos (20 ms)
    ✓ retorna 401 cuando no se envía JWT (8 ms)
    ✓ retorna 403 cuando el OKR pertenece a otro usuario (RN-01) (12 ms)
    ✓ retorna 409 cuando el OKR está en estado Pendiente y no EnProgreso (RN-02) (11 ms)
    ✓ retorna 422 cuando valor_actual < valor_meta (RN-03) (12 ms)
    ✓ hace ROLLBACK si falla el INSERT en okr_historial (RN-06) (3 ms)
    ✓ actualiza el score_empleabilidad del perfil_aprendiz tras el COMMIT (RN-05) (17 ms)

  console.log
    DATABASE_URL: postgresql://nexus_user:nexus_local_pass@db:5432/nexus_db

      at Object.<anonymous> (src/db/pool.ts:5:9)

  console.log
    [DB] New client connected to PostgreSQL

      at BoundPool.<anonymous> (src/db/pool.ts:23:11)

  console.log
    [AUTH] New user registered: carlos@authtest.com (Padawan)

      at register (src/controllers/auth.controller.ts:61:13)

[0mPOST /api/v1/auth/register [32m201[0m 247.381 ms - 481[0m
[0mPOST /api/v1/auth/register [33m409[0m 2.283 ms - 65[0m
  console.error
    [Validation Error] on POST /api/v1/auth/register: [
      { campo: 'nombres', mensaje: 'Required' },
      { campo: 'apellidos', mensaje: 'Required' },
      { campo: 'email', mensaje: 'Email inválido' },
      {
        campo: 'contrasena',
        mensaje: 'La contraseña debe tener al menos 8 caracteres'
      },
      { campo: 'rol', mensaje: 'Rol debe ser Padawan o Jedi' }
    ]

      21 |           mensaje: e.message,
      22 |         }));
    > 23 |         console.error(`[Validation Error] on ${req.method} ${req.originalUrl}:`, details);
         |                 ^
      24 |         res.status(400).json({
      25 |           error: 'Error de validación',
      26 |           code: 'VALIDATION_ERROR',

      at src/middleware/validate.middleware.ts:23:17
      at Layer.handle [as handle_request] (node_modules/express/lib/router/layer.js:95:5)
      at next (node_modules/express/lib/router/route.js:149:13)
      at Route.dispatch (node_modules/express/lib/router/route.js:119:3)
      at Layer.handle [as handle_request] (node_modules/express/lib/router/layer.js:95:5)
      at node_modules/express/lib/router/index.js:284:15
      at Function.process_params (node_modules/express/lib/router/index.js:346:12)
      at next (node_modules/express/lib/router/index.js:280:10)
      at Function.handle (node_modules/express/lib/router/index.js:175:3)
      at router (node_modules/express/lib/router/index.js:47:12)
      at Layer.handle [as handle_request] (node_modules/express/lib/router/layer.js:95:5)
      at trim_prefix (node_modules/express/lib/router/index.js:328:13)
      at node_modules/express/lib/router/index.js:286:9
      at Function.process_params (node_modules/express/lib/router/index.js:346:12)
      at next (node_modules/express/lib/router/index.js:280:10)
      at urlencodedParser (node_modules/body-parser/lib/types/urlencoded.js:82:7)
      at Layer.handle [as handle_request] (node_modules/express/lib/router/layer.js:95:5)
      at trim_prefix (node_modules/express/lib/router/index.js:328:13)
      at node_modules/express/lib/router/index.js:286:9
      at Function.process_params (node_modules/express/lib/router/index.js:346:12)
      at next (node_modules/express/lib/router/index.js:280:10)
      at node_modules/body-parser/lib/read.js:137:5
      at invokeCallback (node_modules/raw-body/index.js:238:16)
      at done (node_modules/raw-body/index.js:227:7)
      at IncomingMessage.onEnd (node_modules/raw-body/index.js:287:7)

[0mPOST /api/v1/auth/register [33m400[0m 6.304 ms - 339[0m
  console.log
    [AUTH] User logged in: carlos@authtest.com

      at login (src/controllers/auth.controller.ts:119:13)

[0mPOST /api/v1/auth/login [32m200[0m 224.925 ms - 437[0m
[0mPOST /api/v1/auth/login [33m401[0m 224.646 ms - 64[0m
  console.log
    [AUTH] User logged in: carlos@authtest.com

      at login (src/controllers/auth.controller.ts:119:13)

[0mPOST /api/v1/auth/login [32m200[0m 223.436 ms - 437[0m
[0mGET /api/v1/auth/me [32m200[0m 4.523 ms - 445[0m
[0mGET /api/v1/auth/me [33m401[0m 0.224 ms - 68[0m
PASS tests/auth.test.ts
  POST /api/v1/auth/register
    ✓ registra un nuevo Padawan correctamente (253 ms)
    ✓ retorna 409 cuando el email ya existe (8 ms)
    ✓ retorna 400 con datos inválidos (14 ms)
  POST /api/v1/auth/login
    ✓ retorna JWT con credenciales válidas (234 ms)
    ✓ retorna 401 con contraseña incorrecta (230 ms)
  GET /api/v1/auth/me
    ✓ retorna datos del usuario autenticado (239 ms)
    ✓ retorna 401 sin token (8 ms)

  console.log
    DATABASE_URL: postgresql://nexus_user:nexus_local_pass@db:5432/nexus_db

      at Object.<anonymous> (src/db/pool.ts:5:9)

  console.log
    [DB] New client connected to PostgreSQL

      at BoundPool.<anonymous> (src/db/pool.ts:23:11)

  console.log
    [SESSION] Created session "Sesión de prueba" for matching 3bc599df-b56b-4d69-8ee8-87d207324467

      at createSession (src/controllers/session.controller.ts:38:13)

[0mPOST /api/v1/matchings/3bc599df-b56b-4d69-8ee8-87d207324467/sessions [32m201[0m 9.771 ms - 274[0m
[0mPOST /api/v1/matchings/3bc599df-b56b-4d69-8ee8-87d207324467/sessions [33m401[0m 1.009 ms - 68[0m
  console.log
    [SESSION] Updated session 2934b900-258b-4aa8-9452-cff745451794

      at updateSession (src/controllers/session.controller.ts:107:13)

[0mPUT /api/v1/sessions/2934b900-258b-4aa8-9452-cff745451794 [32m200[0m 4.827 ms - 319[0m
  console.log
    [SESSION] Created session "Para cancelar" for matching 3bc599df-b56b-4d69-8ee8-87d207324467

      at createSession (src/controllers/session.controller.ts:38:13)

[0mPOST /api/v1/matchings/3bc599df-b56b-4d69-8ee8-87d207324467/sessions [32m201[0m 5.410 ms - 270[0m
  console.log
    [SESSION] Cancelled session 4f9162af-739b-407c-b09f-de2b0607a0a5

      at deleteSession (src/controllers/session.controller.ts:132:13)

[0mDELETE /api/v1/sessions/4f9162af-739b-407c-b09f-de2b0607a0a5 [32m200[0m 4.538 ms - 269[0m
[0mGET /api/v1/sessions/my-sessions [32m200[0m 4.951 ms - 907[0m
PASS tests/sessions.test.ts
  UC-12: POST /api/v1/matchings/:matchingId/sessions
    ✓ crea una sesión correctamente (15 ms)
    ✓ retorna 401 sin autenticación (8 ms)
  UC-13: PUT /api/v1/sessions/:sesionId (completar)
    ✓ marca sesión como Realizada con notas (14 ms)
  UC-14: DELETE /api/v1/sessions/:sesionId (cancelar)
    ✓ cancela una sesión programada (20 ms)
  UC-15: GET /api/v1/sessions/my-sessions
    ✓ retorna historial de sesiones del usuario (11 ms)

  console.log
    DATABASE_URL: postgresql://nexus_user:nexus_local_pass@db:5432/nexus_db

      at Object.<anonymous> (src/db/pool.ts:5:9)

  console.log
    [DB] New client connected to PostgreSQL

      at BoundPool.<anonymous> (src/db/pool.ts:23:11)

[0mGET /api/v1/notifications [32m200[0m 6.508 ms - 940[0m
[0mGET /api/v1/notifications [33m401[0m 0.143 ms - 68[0m
[0mGET /api/v1/notifications/unread-count [32m200[0m 6.311 ms - 36[0m
[0mGET /api/v1/notifications [32m200[0m 4.934 ms - 940[0m
[0mPATCH /api/v1/notifications/64f44252-e661-423e-8013-217a8e0cbdb2/read [32m200[0m 5.897 ms - 320[0m
[0mPATCH /api/v1/notifications/read-all [32m200[0m 7.226 ms - 75[0m
[0mGET /api/v1/notifications/unread-count [32m200[0m 4.991 ms - 36[0m
PASS tests/notifications.test.ts
  UC-26: GET /api/v1/notifications
    ✓ lista notificaciones del usuario (17 ms)
    ✓ retorna 401 sin token (6 ms)
  UC-26: GET /api/v1/notifications/unread-count
    ✓ retorna conteo de no leídas (11 ms)
  UC-26: PATCH /api/v1/notifications/:id/read
    ✓ marca una notificación como leída (19 ms)
  UC-26: PATCH /api/v1/notifications/read-all
    ✓ marca todas como leídas (22 ms)

  console.log
    DATABASE_URL: postgresql://nexus_user:nexus_local_pass@db:5432/nexus_db

      at Object.<anonymous> (src/db/pool.ts:5:9)

  console.log
    [DB] New client connected to PostgreSQL

      at BoundPool.<anonymous> (src/db/pool.ts:23:11)

  console.log
    [IA] Riesgo de abandono para pad@iatest.com: 30 (medio)

      at detectarRiesgoAbandono (src/controllers/ia.controller.ts:125:13)

[0mGET /api/v1/ia/riesgo-abandono [32m200[0m 13.436 ms - 239[0m
[0mGET /api/v1/ia/riesgo-abandono [33m401[0m 0.220 ms - 68[0m
[0mGET /api/v1/ia/riesgo-abandono/all [32m200[0m 5.023 ms - 1016[0m
[0mGET /api/v1/ia/riesgo-abandono/all [33m403[0m 2.027 ms - 135[0m
PASS tests/ia.test.ts
  UC-25: GET /api/v1/ia/riesgo-abandono
    ✓ retorna score de riesgo para Padawan autenticado (22 ms)
    ✓ retorna 401 sin autenticación (6 ms)
  UC-25: GET /api/v1/ia/riesgo-abandono/all
    ✓ permite al Jedi ver todos los riesgos (11 ms)
    ✓ retorna 403 si Padawan intenta ver todos (7 ms)

Test Suites: 1 failed, 5 passed, 6 total
Tests:       2 failed, 35 passed, 37 total
Snapshots:   0 total
Time:        4.26 s, estimated 7 s
Ran all test suites.
